  total tags  hotspot tags    SPOT
       87403         43613  0.4989
