  total tags  hotspot tags    SPOT
      174806        102734  0.5877
