  total tags  hotspot tags    SPOT
      174818        149455  0.8549
