adapter-trimmed	18186
aligned-readlength-16	2
aligned-readlength-17	2
aligned-readlength-18	18
aligned-readlength-20	94
aligned-readlength-21	164
aligned-readlength-22	280
aligned-readlength-23	338
aligned-readlength-24	484
aligned-readlength-25	546
aligned-readlength-26	726
aligned-readlength-27	918
aligned-readlength-28	1050
aligned-readlength-29	1194
aligned-readlength-30	1272
aligned-readlength-31	1304
aligned-readlength-32	1318
aligned-readlength-33	1416
aligned-readlength-34	1476
aligned-readlength-36	162216
all-aligned	178211
all-mapq-filter	2444
autosomal-align	174818
chr22	174704
chr22_KI270733v1_random	8
chr22_KI270735v1_random	2
chr22_KI270736v1_random	2
duplicate	2778
duplicate-nuclear	2778
mapq-0	90856
mapq-1	9
mapq-10	42
mapq-11	67
mapq-12	116
mapq-13	47
mapq-14	21
mapq-15	252
mapq-16	14
mapq-17	1093
mapq-18	53
mapq-19	25
mapq-2	8
mapq-20	197
mapq-21	3
mapq-22	147
mapq-23	688
mapq-24	10
mapq-25	1539
mapq-26	12
mapq-27	7
mapq-28	6
mapq-29	4939
mapq-3	18
mapq-30	21
mapq-32	8
mapq-33	10
mapq-34	8
mapq-35	16
mapq-36	501
mapq-37	17229
mapq-38	64
mapq-39	36
mapq-4	16
mapq-40	92
mapq-41	70
mapq-42	46
mapq-43	112
mapq-44	70
mapq-45	128
mapq-46	508
mapq-47	92
mapq-48	216
mapq-49	138
mapq-5	27
mapq-50	1494
mapq-51	66
mapq-52	210
mapq-53	142
mapq-54	224
mapq-55	234
mapq-57	568
mapq-6	26
mapq-60	144186
mapq-7	24
mapq-8	20
mapq-9	99
mm	4766
nm	88659
nuclear-align	174818
paired-aligned	174818
paired-autosomal-align	174818
paired-nuclear-align	174818
pf	332024
qc	0
qc-flagged	92052
readlength-16	2
readlength-17	2
readlength-18	28
readlength-20	118
readlength-21	218
readlength-22	348
readlength-23	494
readlength-24	688
readlength-25	782
readlength-26	960
readlength-27	1292
readlength-28	1588
readlength-29	1786
readlength-30	1860
readlength-31	1916
readlength-32	1922
readlength-33	2020
readlength-34	2162
readlength-36	248684
samflag-1107	668
samflag-1123	721
samflag-1171	721
samflag-1187	668
samflag-147	43013
samflag-1609	9
samflag-1617	2
samflag-163	43001
samflag-1633	2
samflag-1657	4
samflag-1673	6
samflag-1681	2
samflag-1697	2
samflag-1721	6
samflag-4179	3
samflag-4195	3
samflag-4243	3
samflag-4259	3
samflag-4673	1
samflag-4677	19
samflag-4681	13
samflag-4689	5
samflag-4705	8
samflag-4721	1
samflag-4725	20
samflag-4729	24
samflag-4737	2
samflag-4741	13
samflag-4745	19
samflag-4753	8
samflag-4769	5
samflag-4785	1
samflag-4789	24
samflag-4793	20
samflag-577	91
samflag-581	496
samflag-585	540
samflag-589	43260
samflag-593	212
samflag-609	221
samflag-625	84
samflag-629	478
samflag-633	536
samflag-641	90
samflag-645	549
samflag-649	490
samflag-653	43260
samflag-657	221
samflag-673	212
samflag-689	84
samflag-693	540
samflag-697	472
samflag-83	43001
samflag-99	43013
total	332024
u	174818
u-pf	174818
u-pf-n	174716
u-pf-n-mm2	174716
u-pf-n-mm2-mito	174716
