  total tags  hotspot tags    SPOT
      174800        102733  0.5877
